╔══════════════════════════════════════════════════════════════╗
║  DAT File Modifier (Python - FileStream)                     ║
╠══════════════════════════════════════════════════════════════╣
║  Time: 2026-01-17 22:30:48                               ║
║  Input:  in/sample.dat                                     ║
║  Output: out/sample.dat                                    ║
╚══════════════════════════════════════════════════════════════╝

File Size: 5200 bytes
Records: 4 | Rules: 2
────────────────────────────────────────────────────────────────

[#   1] HEADER - Skipped
[#   2] MODIFIED
  Phone-1: [13812345670000000000] → [00000013812345670000]
  Phone-2: [13912345670000000000] → [00000013912345670000]
[#   3] MODIFIED
  Phone-1: [13823456780000000000] → [00000013823456780000]
  Phone-2: [13923456780000000000] → [00000013923456780000]
[#   4] MODIFIED
  Phone-1: [13834567890000000000] → [00000013834567890000]
  Phone-2: [13934567890000000000] → [00000013934567890000]

────────────────────────────────────────────────────────────────
Summary: Modified 3 / 4 records
────────────────────────────────────────────────────────────────