╔══════════════════════════════════════════════════════════════╗
║  DAT Field Modifier (BigEndianUnicode) - INI Config          ║
╚══════════════════════════════════════════════════════════════╝
Config: config.ini
Input:  in/sample.dat
Output: out/sample.dat

File size: 5200 bytes, Records: 4, Rules: 3

────────────────────────────────────────────────────────────────
[#   1] HEADER - Skip
[#   2] MODIFIED
  Phone-1: [ㄳ㠱㈳㐵㘷〰〰〰〰〰††††††††††] → [000000ㄳ㠱㈳㐵㘷〰〰〰〰〰0000]
  Phone-2: [ㄳ㤱㈳㐵㘷〰〰〰〰〰††††††††††] → [000000ㄳ㤱㈳㐵㘷〰〰〰〰〰0000]
  Phone-Test3: [††††††††††††††††††††] → [000000††††††††††0000]
[#   3] MODIFIED
  Phone-1: [ㄳ㠲㌴㔶㜸〰〰〰〰〰††††††††††] → [000000ㄳ㠲㌴㔶㜸〰〰〰〰〰0000]
  Phone-2: [ㄳ㤲㌴㔶㜸〰〰〰〰〰††††††††††] → [000000ㄳ㤲㌴㔶㜸〰〰〰〰〰0000]
  Phone-Test3: [††††††††††††††††††††] → [000000††††††††††0000]
[#   4] MODIFIED
  Phone-1: [ㄳ㠳㐵㘷㠹〰〰〰〰〰††††††††††] → [000000ㄳ㠳㐵㘷㠹〰〰〰〰〰0000]
  Phone-2: [ㄳ㤳㐵㘷㠹〰〰〰〰〰††††††††††] → [000000ㄳ㤳㐵㘷㠹〰〰〰〰〰0000]
  Phone-Test3: [††††††††††††††††††††] → [000000††††††††††0000]

────────────────────────────────────────────────────────────────
Summary: 3/4 records modified