╔══════════════════════════════════════════════════════════════╗
║  DAT File Modifier (FileStream) - 日本語版                   ║
╠══════════════════════════════════════════════════════════════╣
║  時刻: 2026-01-12 22:06:00                                   ║
║  入力:  in/sample.dat                                        ║
║  出力: out/sample.dat                                        ║
╚══════════════════════════════════════════════════════════════╝

ファイルサイズ: 5200 バイト
レコード数: 4 | ルール数: 2
────────────────────────────────────────────────────────────────

[#   1] ヘッダー - スキップ
[#   2] 修正済み
  Phone-1: [13812345670000000000] → [00000013812345670000]
  Phone-2: [13912345670000000000] → [00000013912345670000]
[#   3] 修正済み
  Phone-1: [13823456780000000000] → [00000013823456780000]
  Phone-2: [13923456780000000000] → [00000013923456780000]
[#   4] 修正済み
  Phone-1: [13834567890000000000] → [00000013834567890000]
  Phone-2: [13934567890000000000] → [00000013934567890000]

────────────────────────────────────────────────────────────────
サマリー: 3 / 4 レコードを修正
────────────────────────────────────────────────────────────────
